---
source: crates/rolldown_testing/src/integration_test.rs
---
# Assets

## src.js

```js

//#region node_modules/demo-pkg/index.js
console.log("hello");

//#endregion
//#region src/entry.js
console.log("unused import");

//#endregion
```
