---
source: crates/rolldown_testing/src/integration_test.rs
---
# Assets

## assets.js

```js

//#region assets/some.file
stuff;

//#endregion
```
## src.js

```js

//#region src/entry.js
console.log("entry");

//#endregion
```
