---
source: crates/rolldown_testing/src/integration_test.rs
---
# Assets

## src.js

```js

```
