---
source: crates/rolldown_testing/src/integration_test.rs
---
# Assets

## entries.css

```css
@import "../shared/common.css";
```
## entries.js

```js

```
## entries2.css

```css
@import "../../shared/common.css";
```
## entries2.js

```js

```
