---
source: crates/rolldown_testing/src/integration_test.rs
---
# Assets

## entry.js

```js
import "./entry2.js";

```
## entry2.js

```js

//#region entry.js
console.log(123);

//#endregion
```
## entry2_js.js

```js
import "./entry2.js";

```
