---
source: crates/rolldown_testing/src/integration_test.rs
---
# Assets

## entries.css

```css
div {
	background: url(../images/image.png);
}
```
## entries.js

```js

```
