---
source: crates/rolldown_testing/src/integration_test.rs
---
# Assets

## entries.css

```css
a:after { content: "entry1" }
```
## entries.js

```js
import "./shared.js";

//#region entries/entry1.js
console.log("entry1");

//#endregion
```
## entries2.css

```css
a:after { content: "entry2" }
```
## entries2.js

```js
import "./shared.js";

//#region entries/entry2.js
console.log("entry2");

//#endregion
```
## shared.js

```js

//#region lib/shared.js
console.log("shared");

//#endregion
```
