---
source: crates/rolldown_testing/src/integration_test.rs
---
# Assets

## cube.js

```js
rolldown_runtime.define('square.js',function(require, module, exports){

//#region square.js
__toCommonJS(exports);
__export(exports, { default: () => square });
function square(x) {
	return x * x;
};

//#endregion
});
rolldown_runtime.define('cube.js',function(require, module, exports){

//#region cube.js
<<<<<<< HEAD
__toCommonJS(exports);
__export(exports, { default: () => cube });
var square_exports = require("square.js");
function cube(x) {
	return square_exports.default(x) * x;
};
=======
import square from "./square.js";
export default function cube(x) {
	return square(x) * x;
}
>>>>>>> 4992f66d (chore: disable IsolatingModuleFinalizer (#2149))

//#endregion
});
```
## main.js

```js
rolldown_runtime.define('hyper-cube.js',function(require, module, exports){

//#region hyper-cube.js
<<<<<<< HEAD
__toCommonJS(exports);
__export(exports, { default: () => hyperCube });
var cube_exports = require("cube.js");
function hyperCube(x) {
	return cube_exports.default(x) * x;
};

//#endregion
//#region main.js
__toCommonJS(exports);
<<<<<<< HEAD
var hyper_cube_exports = require("hyper-cube.js");
console.log(hyper_cube_exports.default(5));
=======
var hyper_cube_ns = require("hyper-cube.js");
console.log(hyper_cube_ns.default(5));
=======
import cube from "./cube.js";
export default function hyperCube(x) {
	return cube(x) * x;
}

//#endregion
});
rolldown_runtime.define('main.js',function(require, module, exports){

//#region main.js
import hyperCube from "./hyper-cube.js";
console.log(hyperCube(5));
>>>>>>> 4992f66d (chore: disable IsolatingModuleFinalizer (#2149))
>>>>>>> ebd1b0c55 (chore: disable IsolatingModuleFinalizer (#2149))

//#endregion
});
rolldown_runtime.run('main.js');
```
## other-entry.js

```js
rolldown_runtime.define('other-entry.js',function(require, module, exports){

//#region other-entry.js
<<<<<<< HEAD
__toCommonJS(exports);
<<<<<<< HEAD
var cube_exports = require("cube.js");
console.log(cube_exports.default(5));
=======
var cube_ns = require("cube.js");
console.log(cube_ns.default(5));
=======
import cube from "./cube.js";
console.log(cube(5));
>>>>>>> 4992f66d (chore: disable IsolatingModuleFinalizer (#2149))
>>>>>>> ebd1b0c55 (chore: disable IsolatingModuleFinalizer (#2149))

//#endregion
});
rolldown_runtime.run('other-entry.js');
```
