---
source: crates/rolldown_testing/src/integration_test.rs
---
# Assets

## src.css

```css
body {
	background: url(../assets/some.file);
}
```
## src.js

```js

```
