---
source: crates/rolldown_testing/src/integration_test.rs
---
# Assets

## src.js

```js

//#region node_modules/demo-pkg/foo.js
console.log("foo");

//#endregion
```
