---
source: crates/rolldown_testing/src/integration_test.rs
---
# warnings

## UNRESOLVED_IMPORT

```text
[UNRESOLVED_IMPORT] Warning: "#bar/foo-js.js" is imported by "node_modules/pkg-imports/index.js", but could not be resolved – treating it as an external dependency.

```
## UNRESOLVED_IMPORT

```text
[UNRESOLVED_IMPORT] Warning: "#bar/foo-jsx.jsx" is imported by "node_modules/pkg-imports/index.js", but could not be resolved – treating it as an external dependency.

```
## UNRESOLVED_IMPORT

```text
[UNRESOLVED_IMPORT] Warning: "pkg-exports/foo-js.js" is imported by "entry.ts", but could not be resolved – treating it as an external dependency.

```
## UNRESOLVED_IMPORT

```text
[UNRESOLVED_IMPORT] Warning: "pkg-exports/foo-jsx.jsx" is imported by "entry.ts", but could not be resolved – treating it as an external dependency.

```
# Assets

## entry.js

```js
import "pkg-exports/foo-js.js";
import "pkg-exports/foo-jsx.jsx";
import "#bar/foo-js.js";
import "#bar/foo-jsx.jsx";

//#region pick-js.js
console.log("correct");

//#endregion
//#region pick-ts.ts
console.log("correct");

//#endregion
//#region pick-jsx.jsx
console.log("correct");

//#endregion
//#region pick-tsx.tsx
console.log("correct");

//#endregion
//#region order-js.ts
console.log("correct");

//#endregion
//#region order-jsx.ts
console.log("correct");

//#endregion
//#region node_modules/pkg/foo-js.ts
console.log("correct");

//#endregion
//#region node_modules/pkg/foo-jsx.tsx
console.log("correct");

//#endregion
//#region node_modules/pkg-exports/abc-js.ts
console.log("correct");

//#endregion
//#region node_modules/pkg-exports/abc-jsx.tsx
console.log("correct");

//#endregion
//#region node_modules/pkg-imports/abc-js.ts
console.log("correct");

//#endregion
//#region node_modules/pkg-imports/abc-jsx.tsx
console.log("correct");

//#endregion
```
