---
source: crates/rolldown_testing/src/integration_test.rs
---
# Assets

## package_index.js

```js

//#region node_modules/package/index.js
console.log("imported");

//#endregion
```
## src.js

```js

//#region src/entry1.js
import("./package_index.js");

//#endregion
```
## src2.js

```js

//#region src/entry2.js
import("./package_index.js");

//#endregion
```
