---
source: crates/rolldown_testing/src/integration_test.rs
---
# Assets

## entry.js

```js
#! from banner
(function() {

"use strict";

//#region entry.js
foo();

//#endregion
})();
```
